ASxxxx Linker V03.00/V05.40 + sdld,  page 1.
Hexadecimal  [32-Bits]

Area                                    Addr        Size        Decimal Bytes (Attributes)
--------------------------------        ----        ----        ------- ----- ------------
CABS                                00000000    00000000 =           0. bytes (ABS,CON,CODE)

      Value  Global                              Global Defined In Module
      -----  --------------------------------   ------------------------
C:   00000000  l_BIT_BANK                      
C:   00000000  l_CABS                          
C:   00000000  l_GSINIT                        
C:   00000000  l_GSINIT0                       
C:   00000000  l_GSINIT1                       
C:   00000000  l_GSINIT2                       
C:   00000000  l_GSINIT3                       
C:   00000000  l_GSINIT4                       
C:   00000000  l_GSINIT5                       
C:   00000000  l_IABS                          
C:   00000000  l_ISEG                          
C:   00000000  l_PSEG                          
C:   00000000  l_REG_BANK_1                    
C:   00000000  l_REG_BANK_2                    
C:   00000000  l_REG_BANK_3                    
C:   00000000  l_RSEG                          
C:   00000000  l_RSEG0                         
C:   00000000  l_RSEG1                         
C:   00000000  l_XABS                          
C:   00000000  l_XINIT                         
C:   00000000  l_XISEG                         
C:   00000000  l_XSEG                          
C:   00000000  l__CODE                         
C:   00000000  s_BSEG                          
C:   00000000  s_CABS                          
C:   00000000  s_DSEG                          
C:   00000000  s_HOME                          
C:   00000000  s_IABS                          
C:   00000000  s_ISEG                          
C:   00000000  s_REG_BANK_0                    
C:   00000000  s_RSEG                          
C:   00000000  s_RSEG0                         
C:   00000000  s_RSEG1                         
C:   00000000  s_XABS                          
C:   00000001  l_BSEG_BYTES                    
C:   00000001  s_PSEG                          
C:   00000001  s_XISEG                         
C:   00000001  s_XSEG                          
C:   00000002  l_BSEG                          
C:   00000002  l_OSEG                          
C:   00000003  l_GSFINAL                       
C:   00000008  l_REG_BANK_0                    
C:   00000008  s_REG_BANK_1                    
C:   0000000F  s_OSEG                          
C:   00000010  l_CONST                         
C:   00000010  s_REG_BANK_2                    
C:   00000011  l_HOME                          
C:   00000011  s_GSFINAL                       
C:   00000011  s_GSINIT                        
C:   00000011  s_GSINIT0                       
ASxxxx Linker V03.00/V05.40 + sdld,  page 2.
Hexadecimal  [32-Bits]

Area                                    Addr        Size        Decimal Bytes (Attributes)
--------------------------------        ----        ----        ------- ----- ------------
CABS                                00000000    00000000 =           0. bytes (ABS,CON,CODE)

      Value  Global                              Global Defined In Module
      -----  --------------------------------   ------------------------
C:   00000011  s_GSINIT1                       
C:   00000011  s_GSINIT2                       
C:   00000011  s_GSINIT3                       
C:   00000011  s_GSINIT4                       
C:   00000011  s_GSINIT5                       
C:   00000014  s_CSEG                          
C:   00000018  s_BIT_BANK                      
C:   00000018  s_REG_BANK_3                    
C:   00000020  s_BSEG_BYTES                    
C:   00000020  s__CODE                         
C:   00000021  s_SSEG                          
C:   00000071  l_DSEG                          
C:   000000DF  l_SSEG                          
C:   00000100  l_IRAM                          
C:   00000A4F  l_CSEG                          
C:   00000A63  s_CONST                         
C:   00000A73  s_XINIT                         

ASxxxx Linker V03.00/V05.40 + sdld,  page 3.
Hexadecimal  [32-Bits]

Area                                    Addr        Size        Decimal Bytes (Attributes)
--------------------------------        ----        ----        ------- ----- ------------
.  .ABS.                            00000000    00000000 =           0. bytes (ABS,CON)

      Value  Global                              Global Defined In Module
      -----  --------------------------------   ------------------------
     00000000  .__.ABS.                           _divsint
     00000020  _game_map                          dino
     00000070  _savedSP0                          preemptive
     00000071  _savedSP1                          preemptive
     00000072  _savedSP2                          preemptive
     00000073  _lcd_ready                         lcdlib
     00000074  _current_thread                    preemptive
     00000075  _bitmap                            preemptive
     00000076  _tID                               preemptive
     00000077  _next                              preemptive
     00000078  _tempSP                            preemptive
     00000079  _dino_row                          dino
     0000007A  _score                             dino
     0000007B  _difficulty                        dino
     0000007C  _game_over                         dino
     0000007D  _k                                 dino
     0000007E  _prev                              dino
     0000007F  _digit                             dino
     00000080  _P0                                keylib
     00000080  _P0_0                              keylib
     00000081  _P0_1                              keylib
     00000081  _SP                                keylib
     00000082  _DPL                               keylib
     00000082  _P0_2                              keylib
     00000083  _DPH                               keylib
     00000083  _P0_3                              keylib
     00000084  _P0_4                              keylib
     00000085  _P0_5                              keylib
     00000086  _P0_6                              keylib
     00000087  _P0_7                              keylib
     00000087  _PCON                              keylib
     00000088  _IT0                               keylib
     00000088  _TCON                              keylib
     00000089  _IE0                               keylib
     00000089  _TMOD                              keylib
     0000008A  _IT1                               keylib
     0000008A  _TL0                               keylib
     0000008B  _IE1                               keylib
     0000008B  _TL1                               keylib
     0000008C  _TH0                               keylib
     0000008C  _TR0                               keylib
     0000008D  _TF0                               keylib
     0000008D  _TH1                               keylib
     0000008E  _TR1                               keylib
     0000008F  _TF1                               keylib
     00000090  _P1                                keylib
     00000090  _P1_0                              keylib
     00000091  _P1_1                              keylib
     00000092  _P1_2                              keylib
     00000093  _P1_3                              keylib
ASxxxx Linker V03.00/V05.40 + sdld,  page 4.
Hexadecimal  [32-Bits]

Area                                    Addr        Size        Decimal Bytes (Attributes)
--------------------------------        ----        ----        ------- ----- ------------
.  .ABS.                            00000000    00000000 =           0. bytes (ABS,CON)

      Value  Global                              Global Defined In Module
      -----  --------------------------------   ------------------------
     00000094  _P1_4                              keylib
     00000095  _P1_5                              keylib
     00000096  _P1_6                              keylib
     00000097  _P1_7                              keylib
     00000098  _RI                                keylib
     00000098  _SCON                              keylib
     00000099  _SBUF                              keylib
     00000099  _TI                                keylib
     0000009A  _RB8                               keylib
     0000009B  _TB8                               keylib
     0000009C  _REN                               keylib
     0000009D  _SM2                               keylib
     0000009E  _SM1                               keylib
     0000009F  _SM0                               keylib
     000000A0  _P2                                keylib
     000000A0  _P2_0                              keylib
     000000A1  _P2_1                              keylib
     000000A2  _P2_2                              keylib
     000000A3  _P2_3                              keylib
     000000A4  _P2_4                              keylib
     000000A5  _P2_5                              keylib
     000000A6  _P2_6                              keylib
     000000A7  _P2_7                              keylib
     000000A8  _EX0                               keylib
     000000A8  _IE                                keylib
     000000A9  _ET0                               keylib
     000000AA  _EX1                               keylib
     000000AB  _ET1                               keylib
     000000AC  _ES                                keylib
     000000AF  _EA                                keylib
     000000B0  _P3                                keylib
     000000B0  _P3_0                              keylib
     000000B0  _RXD                               keylib
     000000B1  _P3_1                              keylib
     000000B1  _TXD                               keylib
     000000B2  _INT0                              keylib
     000000B2  _P3_2                              keylib
     000000B3  _INT1                              keylib
     000000B3  _P3_3                              keylib
     000000B4  _P3_4                              keylib
     000000B4  _T0                                keylib
     000000B5  _P3_5                              keylib
     000000B5  _T1                                keylib
     000000B6  _P3_6                              keylib
     000000B6  _WR                                keylib
     000000B7  _P3_7                              keylib
     000000B7  _RD                                keylib
     000000B8  _IP                                keylib
     000000B8  _PX0                               keylib
     000000B9  _PT0                               keylib
     000000BA  _PX1                               keylib
ASxxxx Linker V03.00/V05.40 + sdld,  page 5.
Hexadecimal  [32-Bits]

Area                                    Addr        Size        Decimal Bytes (Attributes)
--------------------------------        ----        ----        ------- ----- ------------
.  .ABS.                            00000000    00000000 =           0. bytes (ABS,CON)

      Value  Global                              Global Defined In Module
      -----  --------------------------------   ------------------------
     000000BB  _PT1                               keylib
     000000BC  _PS                                keylib
     000000D0  _P                                 keylib
     000000D0  _PSW                               keylib
     000000D1  _F1                                keylib
     000000D2  _OV                                keylib
     000000D3  _RS0                               keylib
     000000D4  _RS1                               keylib
     000000D5  _F0                                keylib
     000000D6  _AC                                keylib
     000000D7  _CY                                keylib
     000000E0  _ACC                               keylib
     000000F0  _B                                 keylib
     000000F5  _B_5                               _gptrget
     000000F6  _B_6                               _gptrget
     000000F7  _B_7                               _gptrget
ASxxxx Linker V03.00/V05.40 + sdld,  page 6.
Hexadecimal  [32-Bits]

Area                                    Addr        Size        Decimal Bytes (Attributes)
--------------------------------        ----        ----        ------- ----- ------------
BSEG_BYTES                          00000020    00000001 =           1. bytes (REL,CON)

      Value  Global                              Global Defined In Module
      -----  --------------------------------   ------------------------
ASxxxx Linker V03.00/V05.40 + sdld,  page 7.
Hexadecimal  [32-Bits]

Area                                    Addr        Size        Decimal Bytes (Attributes)
--------------------------------        ----        ----        ------- ----- ------------
REG_BANK_0                          00000000    00000008 =           8. bytes (REL,OVR)

      Value  Global                              Global Defined In Module
      -----  --------------------------------   ------------------------
ASxxxx Linker V03.00/V05.40 + sdld,  page 8.
Hexadecimal  [32-Bits]

Area                                    Addr        Size        Decimal Bytes (Attributes)
--------------------------------        ----        ----        ------- ----- ------------
DSEG                                00000000    00000071 =         113. bytes (REL,CON)

      Value  Global                              Global Defined In Module
      -----  --------------------------------   ------------------------
     00000008  _mutex                             dino
     00000009  _myRand                            dino
     0000000A  _LCD_set_symbol_PARM_2             dino
     0000000D  _row_temp                          dino
     0000000E  _col_temp                          dino

ASxxxx Linker V03.00/V05.40 + sdld,  page 9.
Hexadecimal  [32-Bits]

Area                                    Addr        Size        Decimal Bytes (Attributes)
--------------------------------        ----        ----        ------- ----- ------------
OSEG                                0000000F    00000002 =           2. bytes (REL,OVR)

      Value  Global                              Global Defined In Module
      -----  --------------------------------   ------------------------
     0000000F  __divsint_PARM_2                   _divuint
     0000000F  __divuint_PARM_2                   _divuint
     0000000F  __modsint_PARM_2                   _moduint
     0000000F  __moduint_PARM_2                   _moduint

ASxxxx Linker V03.00/V05.40 + sdld,  page 10.
Hexadecimal  [32-Bits]

Area                                    Addr        Size        Decimal Bytes (Attributes)
--------------------------------        ----        ----        ------- ----- ------------
SSEG                                00000021    000000DF =         223. bytes (REL,OVR)

      Value  Global                              Global Defined In Module
      -----  --------------------------------   ------------------------
     00000021  __start__stack                     dino

ASxxxx Linker V03.00/V05.40 + sdld,  page 11.
Hexadecimal  [32-Bits]

Area                                    Addr        Size        Decimal Bytes (Attributes)
--------------------------------        ----        ----        ------- ----- ------------
HOME                                00000000    00000011 =          17. bytes (REL,CON,CODE)

      Value  Global                              Global Defined In Module
      -----  --------------------------------   ------------------------
C:   0000000E  __sdcc_program_startup             dino

ASxxxx Linker V03.00/V05.40 + sdld,  page 12.
Hexadecimal  [32-Bits]

Area                                    Addr        Size        Decimal Bytes (Attributes)
--------------------------------        ----        ----        ------- ----- ------------
GSFINAL                             00000011    00000003 =           3. bytes (REL,CON,CODE)

      Value  Global                              Global Defined In Module
      -----  --------------------------------   ------------------------
ASxxxx Linker V03.00/V05.40 + sdld,  page 13.
Hexadecimal  [32-Bits]

Area                                    Addr        Size        Decimal Bytes (Attributes)
--------------------------------        ----        ----        ------- ----- ------------
CSEG                                00000014    00000A4F =        2639. bytes (REL,CON,CODE)

      Value  Global                              Global Defined In Module
      -----  --------------------------------   ------------------------
C:   00000014  _LCD_set_symbol                    dino
C:   00000125  _keypad_ctrl                       dino
C:   00000182  _render_task                       dino
C:   00000346  _game_ctrl                         dino
C:   00000464  _main                              dino
C:   000004A9  _timer0_ISR                        dino
C:   000004AD  __sdcc_gsinit_startup              dino
C:   000004B1  __mcs51_genRAMCLEAR                dino
C:   000004B2  __mcs51_genXINIT                   dino
C:   000004B3  __mcs51_genXRAMCLEAR               dino
C:   000004B4  _Bootstrap                         preemptive
C:   000004FE  _ThreadCreate                      preemptive
C:   000005AD  _ThreadYield                       preemptive
C:   00000645  _ThreadExit                        preemptive
C:   000006D8  _myTimer0Handler                   preemptive
C:   00000771  _LCD_ready                         lcdlib
C:   00000775  _LCD_Init                          lcdlib
C:   00000788  _LCD_IRWrite                       lcdlib
C:   000007AA  _LCD_functionSet                   lcdlib
C:   000007D4  _LCD_write_char                    lcdlib
C:   000007FE  _LCD_write_string                  lcdlib
C:   00000833  _delay                             lcdlib
C:   00000837  _AnyButtonPressed                  buttonlib
C:   00000848  _ButtonToChar                      buttonlib
C:   000008D4  _Init_Keypad                       keylib
C:   000008DA  _AnyKeyPressed                     keylib
C:   000008E7  _KeyToChar                         keylib
C:   00000963  __moduint                          _moduint
C:   000009B0  __divuint                          _divuint
C:   000009D9  __gptrget                          _gptrget
C:   000009F5  __modsint                          _modsint
C:   00000A2B  __divsint                          _divsint

ASxxxx Linker V03.00/V05.40 + sdld,  page 14.
Hexadecimal  [32-Bits]

Area                                    Addr        Size        Decimal Bytes (Attributes)
--------------------------------        ----        ----        ------- ----- ------------
CONST                               00000A63    00000010 =          16. bytes (REL,CON,CODE)

      Value  Global                              Global Defined In Module
      -----  --------------------------------   ------------------------
C:   00000A63  _dinosaur                          dino
C:   00000A6B  _cactus                            dino

ASxxxx Linker V03.00/V05.40 + sdld,  page 15.

Files Linked                              [ module(s) ]

dino.rel                                  [  ]
preemptive.rel                            [  ]
lcdlib.rel                                [  ]
buttonlib.rel                             [  ]
keylib.rel                                [  ]


Libraries Linked                          [ object file ]

C:\Users\92102\bin\..\lib\small/libint.lib
                                          [ _moduint.rel ]
C:\Users\92102\bin\..\lib\small/libint.lib
                                          [ _divuint.rel ]
C:\Users\92102\bin\..\lib\small/libsdcc.lib
                                          [ _gptrget.rel ]
C:\Users\92102\bin\..\lib\small/libint.lib
                                          [ _modsint.rel ]
C:\Users\92102\bin\..\lib\small/libint.lib
                                          [ _divsint.rel ]

ASxxxx Linker V03.00/V05.40 + sdld,  page 16.

User Base Address Definitions

HOME = 0x0000
XSEG = 0x0001
PSEG = 0x0001
ISEG = 0x0000
BSEG = 0x0000

